// Jest Snapshot v1, https://goo.gl/fbAQLP

exports[`renders correctly 1`] = `
<View
  style={
    Object {
      "flex": 1,
      "height": 1334,
    }
  }
  virtual={undefined}
>
  <RCTScrollView
    automaticallyAdjustContentInsets={false}
    contentInset={
      Object {
        "bottom": 0,
      }
    }
    enableAutoAutomaticScroll={true}
    enableResetScrollToCoords={true}
    extraHeight={75}
    extraScrollHeight={0}
    keyboardDismissMode="interactive"
    keyboardOpeningTime={250}
    onScroll={[Function]}
    padder={true}
    resetScrollToCoords={
      Object {
        "x": 0,
        "y": 0,
      }
    }
    scrollEventThrottle={0}
    showsVerticalScrollIndicator={true}
    style={
      Array [
        Object {
          "backgroundColor": "transparent",
          "flex": 1,
          "paddingBottom": 10,
          "paddingLeft": 10,
          "paddingRight": 10,
          "paddingTop": 10,
        },
        Object {
          "backgroundColor": "#FFF",
          "marginTop": 0,
        },
      ]
    }
    virtual={undefined}
  >
    <View>
      <View
        style={
          Object {
            "alignItems": "center",
          }
        }
      >
        <Image
          source={1}
          style={
            Object {
              "height": 200,
              "marginTop": 16,
              "width": 200,
            }
          }
        />
      </View>
      <View>
        <View
          accessibilityComponentType={undefined}
          accessibilityLabel={undefined}
          accessibilityTraits={undefined}
          accessible={true}
          collapsable={undefined}
          hitSlop={undefined}
          isTVSelectable={true}
          nativeID={undefined}
          onLayout={undefined}
          onResponderGrant={[Function]}
          onResponderMove={[Function]}
          onResponderRelease={[Function]}
          onResponderTerminate={[Function]}
          onResponderTerminationRequest={[Function]}
          onStartShouldSetResponder={[Function]}
          style={
            Object {
              "alignItems": "center",
              "alignSelf": "stretch",
              "backgroundColor": "rgba(0,0,0, .6)",
              "borderBottomWidth": null,
              "borderColor": "#007aff",
              "borderLeftWidth": null,
              "borderRadius": 5,
              "borderRightWidth": null,
              "borderTopWidth": null,
              "elevation": 2,
              "flexDirection": "row",
              "height": 45,
              "justifyContent": "center",
              "marginTop": 20,
              "opacity": 1,
              "paddingBottom": 6,
              "paddingTop": 6,
            }
          }
          testID={undefined}
          tvParallaxProperties={undefined}
        >
          <Text
            accessible={true}
            allowFontScaling={true}
            disabled={false}
            ellipsizeMode="tail"
            style={
              Object {
                "backgroundColor": "transparent",
                "color": "#fff",
                "fontFamily": "System",
                "fontSize": 16.5,
                "lineHeight": 19,
                "marginLeft": 0,
                "marginRight": 0,
                "paddingLeft": 16,
                "paddingRight": 16,
              }
            }
            uppercase={false}
            virtual={undefined}
          >
            Login
          </Text>
        </View>
      </View>
    </View>
  </RCTScrollView>
  <View
    style={
      Array [
        Object {
          "backgroundColor": "#F8F8F8",
          "borderColor": "#cbcbcb",
          "borderTopWidth": 0.5,
          "elevation": 3,
          "flexDirection": "row",
          "height": 55,
          "justifyContent": "center",
          "left": 0,
          "right": 0,
        },
        Object {
          "backgroundColor": "#F8F8F8",
        },
      ]
    }
    virtual={undefined}
  >
    <View
      style={
        Object {
          "alignItems": "center",
          "flexDirection": "row",
          "opacity": 0.5,
        }
      }
    >
      <Text
        accessible={true}
        allowFontScaling={true}
        disabled={false}
        ellipsizeMode="tail"
        style={
          Array [
            Object {
              "color": "#000",
              "fontFamily": "System",
              "fontSize": 16,
            },
            Object {
              "color": "#ec4c4c",
            },
          ]
        }
        uppercase={false}
        virtual={undefined}
      >
        Have none account? 
      </Text>
      <Text
        accessible={true}
        allowFontScaling={true}
        disabled={false}
        ellipsizeMode="tail"
        onPress={[Function]}
        style={
          Object {
            "color": "#000",
            "fontFamily": "System",
            "fontSize": 16,
          }
        }
        uppercase={false}
        virtual={undefined}
      >
        register now
      </Text>
    </View>
  </View>
</View>
`;
